// Jest Snapshot v1, https://goo.gl/fbAQLP

exports[`Should match snapshot 1`] = `
.c1 {
  background-color: #000;
  color: #fff;
  padding-left: 2.5rem;
  padding-right: 2.5rem;
  padding-top: 1rem;
  padding-bottom: 1rem;
  border-radius: 9999px;
  -webkit-transition-property: all;
  transition-property: all;
  -webkit-transition-duration: 200ms;
  transition-duration: 200ms;
  --transform-translate-x: 0;
  --transform-translate-y: 0;
  --transform-rotate: 0;
  --transform-skew-x: 0;
  --transform-skew-y: 0;
  --transform-scale-x: 1;
  --transform-scale-y: 1;
  -webkit-transform: translateX(var(--transform-translate-x)) translateY(var(--transform-translate-y)) rotate(var(--transform-rotate)) skewX(var(--transform-skew-x)) skewY(var(--transform-skew-y)) scaleX(var(--transform-scale-x)) scaleY(var(--transform-scale-y));
  -ms-transform: translateX(var(--transform-translate-x)) translateY(var(--transform-translate-y)) rotate(var(--transform-rotate)) skewX(var(--transform-skew-x)) skewY(var(--transform-skew-y)) scaleX(var(--transform-scale-x)) scaleY(var(--transform-scale-y));
  transform: translateX(var(--transform-translate-x)) translateY(var(--transform-translate-y)) rotate(var(--transform-rotate)) skewX(var(--transform-skew-x)) skewY(var(--transform-skew-y)) scaleX(var(--transform-scale-x)) scaleY(var(--transform-scale-y));
  font-size: 20px;
  font-weight: bold;
  border: none;
}

.c1:hover {
  box-shadow: 0 10px 15px -3px rgba(0,0,0,0.1),0 4px 6px -2px rgba(0,0,0,0.05);
  background-color: #805ad5;
  color: #feb2b2;
  --transform-scale-x: 1.1;
  --transform-scale-y: 1.1;
}

.c0 {
  background-color: #e2e8f0;
  min-height: 100vh;
  display: -webkit-box;
  display: -webkit-flex;
  display: -ms-flexbox;
  display: flex;
  -webkit-align-items: center;
  -webkit-box-align: center;
  -ms-flex-align: center;
  align-items: center;
  -webkit-box-pack: center;
  -webkit-justify-content: center;
  -ms-flex-pack: center;
  justify-content: center;
  padding-bottom: 50px;
}

<div
  class="App__Container-n5jfbx-0 c0 flex items-center justify-center h-screen"
>
  <button
    class="c1"
  >
    Click me please
  </button>
</div>
`;
