// Jest Snapshot v1, https://goo.gl/fbAQLP

exports[`<Button/> Should match snapshot 1`] = `
.c0 {
  font-family: "Menlo","Monaco","Consolas","Liberation Mono","Courier New","monospace";
  color: #22292f;
  padding-left: 5rem;
  padding-right: 5rem;
  padding-top: 1rem;
  padding-bottom: 1rem;
  background-color: #ffed4a;
  font-size: 20px;
  font-weight: bold;
  border: none;
  border-radius: 9999px;
}

.c0:hover {
  background-color: #e3342f;
  color: #ffffff;
}

<button
  class="c0"
/>
`;
